--------- beginning of kernel
12-02 13:55:37.729     0     0 E         : [OPLUS_CHG][oplus_chg_variables_reset]charger detect is 0
--------- beginning of main
12-02 13:55:41.692  2675  2675 E BcSmartspaceCard: No tap action can be set up
12-02 13:55:41.703  2675  2675 E BcSmartspaceCard: No tap action can be set up
12-02 13:55:41.716  2675  2675 E BcSmartspaceCard: No tap action can be set up
12-02 13:55:41.744  2675  2675 E BcSmartspaceCard: No tap action can be set up
12-02 13:55:41.830  2675  2675 E BcSmartspaceCard: No tap action can be set up
12-02 13:55:42.848     0     0 E         : [OPLUS_CHG][oplus_chg_variables_reset]charger detect is 0
12-02 13:55:42.887     0     0 E         : get prop 16 is not supported in batt
12-02 13:55:44.852  5664  5916 E YT.qoe  : Pinging https://www.youtube.com/api/stats/qoe?cl=836305907&ei=iZkuaYiCMeicssUP35mD0Q8&el=detailpage&event=streamingstats&feature=g-high-rec&ns=yt&plid=AAZE805PjXQ60W5f&stmp=vb%3A1&cpn=tmSSCoXIQ3iEfsVR&cplatform=mobile&cbr=com.google.android.youtube&cff=SMALL_FORM_FACTOR&c=android&cmodel=CPH2381&cos=Android&soc=Qualcomm%3Aunknown&csdk=35&cbrver=20.05.46&cver=20.05.46&cosver=15&cbrand=OnePlus&qclc=ChB0bVNTQ29YSVEzaUVmc1ZSGgA%3D%0A&vis=728.321:2,1133.121:0,1198.053:2,1399.789:0,1402.675:1&conn=1403.190:3&cplayer=PLATYPUS&bat=1403.190:0.160:0&bh=722.661:9.17,752.663:83.50,782.665:89.57,812.670:96.45,842.670:97.24,872.671:100.26,902.672:88.79,932.673:86.07,962.675:90.28,992.677:80.86,1022.679:85.17,1052.680:86.56,1081.798:91.42,1102.058:91.41,1132.058:61.78,1162.061:72.06,1192.062:76.85,1222.063:46.77,1252.063:87.84,1282.064:97.82,1312.065:96.76,1342.066:96.41,1372.067:77.19,1402.070:47.14&vps=1081.798:PA:sr.18,1102.058:PL&bwm=752.663:20013207:4.137,782.665:5186158:1.134,812.670:6096777:1.405,842.670:7132607:1.541,872.671:6002412:1.373,902.672:3335856:0.693,932.673:8218514:1.731,962.675:8355311:1.964,992.677:4519857:0.958,1022.679:6740233:1.602,1052.680:5113837:1.083,1081.798:9154220:2.369,1162.061:8288442:1.735,1192.062:5903018:1.492,1252.063:15553612:3.304,1282.064:8859253:1.878,1312.065:5828667:1.197,1342.066:6179215:1.287,1372.067:266808:0.063&ctmp=mlat:rt.1081.799;pauseVideo.1733;r.18,api:rt.1136.724;drc.1&cache_bytes=722.661:1643739&cmt=722.661:672.375,752.663:702.382,782.665:732.394,812.670:762.430,842.670:792.452,872.671:822.377,902.672:852.381,932.673:882.432,962.675:912.443,992.677:942.449,1022.679:973.372,1052.680:1002.362,1081.798:1032.385,1102.058:1032.385,1132.058:1061.315,1162.061:1091.276,1192.062:1121.313,1222.063:1151.282,1252.063:1181.257,1282.064:1211.261,1312.065:1241.280,1342.066:1271.283,1372.067:1301.311,1402.070:1331.271&seq=5&docid=(scrubbed) 
12-02 13:55:44.852  5664  5916 E YT.qoe  : &fexp=
12-02 13:55:45.219  5664  5664 E YT.mlplayer: MedialibPlayer.stopVideo(), STOPPAGE_RELEASE_VIDEO
12-02 13:55:45.232  5664  5664 E YT.mlplayer: MedialibPlayer.stopVideo(), STOPPAGE_DIRECTOR_RESET_INTERNALLY
12-02 13:55:45.232  5664  5664 E YT.mlplayer: MedialibPlayer.stopVideo(), STOPPAGE_DIRECTOR_RESET_INTERNALLY
12-02 13:55:45.234  5664  5912 E YT.qoe  : Pinging https://www.youtube.com/api/stats/qoe?cl=836305907&ei=iZkuaYiCMeicssUP35mD0Q8&el=detailpage&event=streamingstats&feature=g-high-rec&ns=yt&plid=AAZE805PjXQ60W5f&stmp=vb%3A1&cpn=tmSSCoXIQ3iEfsVR&cplatform=mobile&cbr=com.google.android.youtube&cff=SMALL_FORM_FACTOR&c=android&cmodel=CPH2381&cos=Android&soc=Qualcomm%3Aunknown&csdk=35&cbrver=20.05.46&cver=20.05.46&cosver=15&cbrand=OnePlus&qclc=ChB0bVNTQ29YSVEzaUVmc1ZSGgA%3D%0A&df=1403.566:0&conn=1403.572:3&cplayer=PLATYPUS&bat=1403.572:0.160:0&bh=1403.572:46.05&vps=1403.572:N:sr.13&ctmp=vnorm:rt.1403.189;rng.0.0;trkcfg.-20.95;tarcfg.-14.0;trkfmt.-20.86;mode.TRACK;tar.-14.0;pre.-20.86;ang.0.0;inpvol.0.6131472;mult.1.0;outvol.0.6131472,vnorm:rt.1403.193;rng.0.0;trkcfg.-20.95;tarcfg.-14.0;trkfmt.-20.86;mode.TRACK;tar.-14.0;pre.-20.86;ang.0.0;inpvol.1.0;mult.1.0;outvol.1.0,vnorm:rt.1403.209;rng.0.0;trkcfg.-20.95;tarcfg.-14.0;trkfmt.-20.86;mode.TRACK;tar.-14.0;pre.-20.86;ang.0.0;inpvol.0.6131472;mult.1.0;outvol.0.6131472,vnorm:rt.1403.273;rng.0.0;trkcfg.-20.95;tarcfg.-14.0;trkfmt.-20.86;mode.TRACK;tar.-14.0;pre.-20.86;ang.0.0;inpvol.0.3868528;mult.1.0;outvol.0.3868528,vnorm:rt.1403.306;rng.0.0;trkcfg.-20.95;tarcfg.-14.0;trkfmt.-20.86;mode.TRACK;tar.-14.0;pre.-20.86;ang.0.0;inpvol.0.2262944;mult.1.0;outvol.0.2262944,vnorm:rt.1403.340;rng.0.0;trkcfg.-20.95;tarcfg.-14.0;trkfmt.-20.86;mode.TRACK;tar.-14.0;pre.-20.86;ang.0.0;inpvol.0.10175562;mult.1.0;outvol.0.10175562,vnorm:rt.1403.373;rng.0.0;trkcfg.-20.95;tarcfg.-14.0;trkfmt.-20.86;mode.TRACK;tar.-14.0;pre.-20.86;ang.0.0;inpvol.0.0;mult.1.0;outvol.0.0,mlat:rt.1403.566;stopVideo.8795,api:rt.1403.571;clearQ&cmt=1403.572:1333.263&seq=6&docid=(scrubbed) 
12-02 13:55:45.234  5664  5912 E YT.qoe  : &fexp=
12-02 13:55:45.235  5664  5664 E YT.mlplayer: MedialibPlayer.stopVideo(), STOPPAGE_DIRECTOR_RESET_INTERNALLY
12-02 13:55:45.242  1156  2482 E QC2Interface: Failed to query parameters
12-02 13:55:45.243  1156  2482 E QC2Interface: Failed to query parameters
12-02 13:55:45.247  1156  2482 E QC2Interface: Failed to query parameters
12-02 13:55:45.251  1156  2482 E QC2Interface: Failed to query parameters
12-02 13:55:45.253  1156  2482 E QC2Interface: Failed to query parameters
12-02 13:55:45.254  1156  1156 E QC2Interface: Failed to query parameters
12-02 13:55:45.544  1156  2482 E QC2Interface: Few parameters failed to configure
12-02 13:55:45.563  1156 14651 E QC2Comp : comp.release() is called without comp.stop()
12-02 13:55:45.596  1156 14651 E vendor.qti.media.c2@1.0-service: Missing dependency coding.temporal-layering
12-02 13:55:46.677  2675  2675 E BcSmartspaceCard: No tap action can be set up
12-02 13:55:46.700  2675  2675 E BcSmartspaceCard: No tap action can be set up
12-02 13:55:47.734  5664  5664 E YT.mlplayer: MedialibPlayer.stopVideo(), STOPPAGE_REASON_UNKNOWN
12-02 13:55:47.743  5664  5863 E YouTube : Request being made from non-critical thread
12-02 13:55:48.013  5664  5664 E YT.mlplayer: MedialibPlayer.loadVideo(cpn=pjKtfnSBRuR55V8Q playWhenReady=true positionMs=-2 playerEvents=[8] videoId=scrubbed volume=1.0 pauseOnLastFrame=false)
12-02 13:55:48.013  5664  5930 E YT.qoe  : Pinging https://www.youtube.com/api/stats/qoe?cl=836305907&ei=B58uacPNNuW19fwP7_6C-As&el=homepage&event=streamingstats&feature=g-high-rec&ns=yt&plid=AAZE86IfLDaPSXYC&stmp=vb%3A1&cpn=pjKtfnSBRuR55V8Q&cplatform=mobile&cbr=com.google.android.youtube&cff=SMALL_FORM_FACTOR&c=android&cmodel=CPH2381&cos=Android&soc=Qualcomm%3Aunknown&csdk=35&cbrver=20.05.46&cver=20.05.46&cosver=15&cbrand=OnePlus&qclc=ChBwakt0Zm5TQlJ1UjU1VjhRGgA%3D%0A&vis=0.000:5&conn=0.004:3&bat=0.004:0.160:0,0.277:0.160:0&vps=0.000:N&ctmp=du:used.0.67108864;avail.0.0;inst.ytm.0.ytm.0&vc=1552692672&seq=1&docid=(scrubbed) 
12-02 13:55:48.013  5664  5930 E YT.qoe  : &fexp=v1,9405958,1818471,6141,6390,8971,466,1099,3078,2,16032,5930,987,9242,4492,112,280,3134,6,9201,12664936,39716,72597,1408,29799,23857,11026,23536,63944,1740,39138,18464,107832,60699,16473,73308,7636,24291,5345,14739676,3409,464350,2213,5716,5912,9397,6254,1553,1351,755,420,4110,1361,7212,482,5072,3075,84,1258,2723,856,398,569,29,9196287,811,843,158,1957937,28795,9433,20077,11815,6383,8967,675,19011,20,9836,4085,3430,5136,3801,10578,10826,11357,916,4286,313,4161,23659,9764,2,9703,580,16685,4475,10311,13370,19167,3747,10905,4829,2003,1387,8184,3459,22127,1648,3479,13030,6548,2234,10093,10,1285,898,16747,570,2,12994,14490,11413,1139,4944,2995,454,3878,2936,1215,9870,5647,1063,6374,7532,5188,3109,1736,4894,557,2077,4374,18,4601,179,2425,7621,1226,736,43,4131,754,3465,625,415,3171,822,232,3235,777,4311,213,5083,2614,2,1297,3431,186,380,2765,4217,1631,5620,240,813,2335,2,2250,581,1276,2173,7588,773,1862,493,136,2559,531,990,812,66,308,877,260,836,122,1295,2364,293,6212,485,886,1534,350,140,3303,124,1072,1915,210,173,52,1481,758,1804,932,480,2195,2414,2931,189,4503,310,1267,866,4720,780,1994,1425,4901,494,1095,115,886,122,2605,809,589,2040,855,395,101,862,408,834,2606,1683,1396,40,1571,1829,11,5216,370,1080,1404,451,742,1597,845,1120,926,619,1079,66,1993,1254,8299103,3307,58,2794,3291,2,9307,3547,1633,450,2,1201,918,2,56,2612,833,564,30,210,277,159,624,290,149,919,648,393,241,112,151,7,344,22,900,30,132,27,9,166,275,49,190,88,40631962,269
12-02 13:55:48.070  1238 18243 E ServiceUtilities: Request requires android.permission.MODIFY_PHONE_STATE or android.permission.WRITE_SECURE_SETTINGS
12-02 13:55:48.420  1156  1156 E vendor.qti.media.c2@1.0-service: Missing dependency coding.temporal-layering
12-02 13:55:48.428  1156  2482 E QC2Interface: Failed to query parameters
12-02 13:55:48.441  1156  2482 E QC2Interface: Failed to query parameters
12-02 13:55:48.449  1156  2482 E QC2Interface: Failed to query parameters
12-02 13:55:48.449  1156  2482 E QC2Interface: Failed to query parameters
12-02 13:55:48.454  1156 15639 E QC2V4l2Caps: unsupported c2 format: VENUS_NV12_UBWC for v4l2 format 0x38323151
12-02 13:55:48.454  1156 15639 E QC2V4l2Caps: unsupported c2 format: VENUS_TP10 for v4l2 format 0x41323151
12-02 13:55:48.454  1156 15639 E QC2Interface: Failed to query parameters
12-02 13:55:48.454  1156 15639 E QC2Interface: Failed to query parameters
12-02 13:55:48.455  1156 15639 E QC2V4l2Codec: [vp9D_2959]  ? is not a supported pixel format!
12-02 13:55:48.471  1156  2482 E QC2Interface: Failed to query parameters
12-02 13:55:48.471  1156  2482 E QC2Interface: Failed to query parameters
12-02 13:55:48.473  1156  2482 E QC2Interface: Failed to query parameters
12-02 13:55:48.474  1156  2482 E QC2Interface: Failed to query parameters
12-02 13:55:48.475  1156  2482 E QC2Interface: Few parameters failed to configure
12-02 13:55:48.480  1156  2482 E QC2Interface: Failed to query parameters
12-02 13:55:48.554  1156 15639 E QC2Interface: Failed to query parameters
--------- beginning of system
12-02 13:55:51.582  1580  2549 E HandwritingModeController: Cannot get requestId: Handwriting was not initialized.
12-02 13:55:51.665  1580  4905 E TransitionChain: Can't collect into a chain with no transition
12-02 13:55:51.686  1156  2482 E QC2Interface: Few parameters failed to configure
12-02 13:55:51.702  5515  5515 E ImeBackDispatcher: Ime callback not found. Ignoring unregisterReceivedCallback. callbackId: 63337667
12-02 13:55:51.721  1156 15639 E QC2Comp : comp.release() is called without comp.stop()
12-02 13:55:51.743  1156 15639 E vendor.qti.media.c2@1.0-service: Missing dependency coding.temporal-layering
12-02 13:55:51.796  5664  5664 E YT.mlplayer: MedialibPlayer.stopVideo(), STOPPAGE_RELEASE_VIDEO
12-02 13:55:51.806  5664  5664 E YT.mlplayer: MedialibPlayer.stopVideo(), STOPPAGE_DIRECTOR_RESET_INTERNALLY
12-02 13:55:51.807  5664  5664 E YT.mlplayer: MedialibPlayer.stopVideo(), STOPPAGE_DIRECTOR_RESET_INTERNALLY
12-02 13:55:51.813  5664  5664 E YT.mlplayer: MedialibPlayer.stopVideo(), STOPPAGE_DIRECTOR_RESET_INTERNALLY
12-02 13:55:51.836  5664  5930 E YT.qoe  : Pinging https://www.youtube.com/api/stats/qoe?cl=836305907&ei=B58uacPNNuW19fwP7_6C-As&el=homepage&event=streamingstats&feature=g-high-rec&ns=yt&plid=AAZE86IfLDaPSXYC&stmp=vb%3A1&cpn=pjKtfnSBRuR55V8Q&cplatform=mobile&cbr=com.google.android.youtube&cff=SMALL_FORM_FACTOR&c=android&cmodel=CPH2381&cos=Android&soc=Qualcomm%3Aunknown&csdk=35&cbrver=20.05.46&cver=20.05.46&cosver=15&cbrand=OnePlus&qclc=ChBwakt0Zm5TQlJ1UjU1VjhRGgA%3D%0A&vfs=0.327:248:::s&df=4.063:5&conn=4.077:2&cplayer=PLATYPUS&bh=4.073:7.28&decoder=0.747:1:vp9:2:opus&cmt=4.073:2.720&afs=0.327:251;CggKA2RyYxIBMQ::i&is_offline=0.283:0&sur=0.281:1,0.664:3,3.989:1&view=0.327:1080:607&bat=4.100:0.160:0&rate=0.312:1.0&cat=sabr&vps=0.311:B,0.340:PL,4.073:N:sr.13&user_intent=0.277&ctmp=pcmp:u,ctype:rt.0.280;ytm,mem:tot.207;max.512;free.61;heap.159;hpall.126;hpfree.28,vnorm:rt.0.311;rng.0.0;trkcfg.-20.46;tarcfg.-14.0;mode.TRACK;tar.-14.0;pre.-20.46;ang.0.0;inpvol.1.0;mult.1.0;outvol.1.0,mlat:rt.0.312;loadVideo.32986,llv:33,vc:i.13,flags:18,pmqs:none,vnorm:rt.0.327;rng.0.0;trkcfg.-20.46;tarcfg.-14.0;trkfmt.-16.42;mode.TRACK;tar.-14.0;pre.-16.42;ang.0.0;inpvol.1.0;mult.1.0;outvol.1.0,bh0:tr1.10.001;tr2.11.278,cir:rt.0.746;reused.false;reason.CODEC_INIT_REASON_SURFACE,dec:c2.qti.vp9.decoder,mlat:rt.4.064;stopVideo.2902,api:rt.4.071;clearQ&spatial=0.283:0:0&seq=2&aur=0.340:3&docid=(scrubbed) 
12-02 13:55:51.836  5664  5930 E YT.qoe  : &fexp=
12-02 13:55:52.780 15653 15653 E .openai.chatgpt: Not starting debugger since process cannot load the jdwp agent.
12-02 13:55:52.796  2675  2709 E TaskViewTransitions: Found a launching TaskView in the wrong transition. All TaskView launches should be initiated by shell and in their own transition: 9495
12-02 13:55:53.465 15653 15692 E cutils-trace: Error opening trace file: No such file or directory (2)
12-02 13:55:53.825   512   526 E QC-time-services: Receive Passed == base = 13, unit = 1, operation = 2, result = 0
12-02 13:55:53.825   902   913 E QC-time-services: Daemon: Time-services: Waiting to acceptconnection
12-02 13:55:53.826   902   913 E QC-time-services: Daemon: Time-services: Waiting to acceptconnection
12-02 13:55:53.898   511   511 E KeymasterUtils: rsp_header->status: -10003
12-02 13:55:53.912   545   560 E keystore2: system/security/keystore2/src/error.rs:174 - system/security/keystore2/src/security_level.rs:645
12-02 13:55:53.912   545   560 E keystore2: 
12-02 13:55:53.912   545   560 E keystore2: Caused by:
12-02 13:55:53.912   545   560 E keystore2:     0: system/security/keystore2/src/security_level.rs:639: While generating without a provided attestation key and params: [KeyParameter { tag: r#KEY_SIZE, value: Integer(256) }, KeyParameter { tag: r#ALGORITHM, value: Algorithm(r#EC) }, KeyParameter { tag: r#EC_CURVE, value: EcCurve(r#P_256) }, KeyParameter { tag: r#PURPOSE, value: KeyPurpose(r#SIGN) }, KeyParameter { tag: r#DIGEST, value: Digest(r#SHA_2_512) }, KeyParameter { tag: r#NO_AUTH_REQUIRED, value: BoolValue(true) }, KeyParameter { tag: r#CERTIFICATE_NOT_AFTER, value: DateTime(2461449600000) }, KeyParameter { tag: r#CERTIFICATE_NOT_BEFORE, value: DateTime(0) }, KeyParameter { tag: r#CERTIFICATE_SERIAL, value: Blob([1]) }, KeyParameter { tag: r#CERTIFICATE_SUBJECT, value: Blob([48, 31, 49, 29, 48, 27, 6, 3, 85, 4, 3, 19, 20, 65, 110, 100, 114, 111, 105, 100, 32, 75, 101, 121, 115, 116, 111, 114, 101, 32, 75, 101, 121]) }, KeyParameter { tag: r#ATTESTATION_CHALLENGE, value: Blob([199, 51, 57, 112, 94, 238, 78, 247, 26, 6, 92, 93, 17, 32, 90, 247, 206, 253, 50, 63, 247, 168, 222, 175, 75, 34, 74, 122, 98, 222, 226, 161]) }, KeyParameter { tag: r#ATTESTATION_APPLICATION_ID, value: Blob([48, 67, 49, 29, 48, 27, 4, 19, 99, 111, 109, 46, 97, 110, 100, 114, 111, 105, 100, 46, 118, 101, 110, 100, 105, 110, 103, 2, 4, 5, 15, 93, 102, 49, 34, 4, 32, 240, 253, 108, 91, 65, 15, 37, 203, 37, 195, 181, 51, 70, 200, 151, 47, 174, 48, 248, 238, 116, 17, 223, 145, 4, 128, 173, 107, 45, 96, 219, 131]) }].
12-02 13:55:53.912   545   560 E keystore2:     1: Error::Km(-10003)
12-02 13:55:53.919 32643 15768 E Finsky  : [509] Integrity key attestation record generation failed.
12-02 13:55:53.919 32643 15768 E Finsky  : com.google.android.finsky.integritycommon.exception.IntegrityKeyAttestationException: java.security.ProviderException: Failed to generate key pair.
12-02 13:55:53.919 32643 15768 E Finsky  : 	at aaqw.apply(PG:220)
12-02 13:55:53.919 32643 15768 E Finsky  : 	at bikf.d(PG:3)
12-02 13:55:53.919 32643 15768 E Finsky  : 	at bikg.run(PG:130)
12-02 13:55:53.919 32643 15768 E Finsky  : 	at java.util.concurrent.ThreadPoolExecutor.runWorker(ThreadPoolExecutor.java:1145)
12-02 13:55:53.919 32643 15768 E Finsky  : 	at java.util.concurrent.ThreadPoolExecutor$Worker.run(ThreadPoolExecutor.java:644)
12-02 13:55:53.919 32643 15768 E Finsky  : 	at ukd.run(PG:408)
12-02 13:55:53.919 32643 15768 E Finsky  : 	at java.lang.Thread.run(Thread.java:1117)
12-02 13:55:53.919 32643 15768 E Finsky  : Caused by: java.security.ProviderException: Failed to generate key pair.
12-02 13:55:53.919 32643 15768 E Finsky  : 	at android.security.keystore2.AndroidKeyStoreKeyPairGeneratorSpi.generateKeyPair(AndroidKeyStoreKeyPairGeneratorSpi.java:711)
12-02 13:55:53.919 32643 15768 E Finsky  : 	at java.security.KeyPairGenerator$Delegate.generateKeyPair(KeyPairGenerator.java:750)
12-02 13:55:53.919 32643 15768 E Finsky  : 	at aaqx.b(PG:71)
12-02 13:55:53.919 32643 15768 E Finsky  : 	at aaqv.call(PG:271)
12-02 13:55:53.919 32643 15768 E Finsky  : 	at bink.a(PG:3)
12-02 13:55:53.919 32643 15768 E Finsky  : 	at bimp.run(PG:19)
12-02 13:55:53.919 32643 15768 E Finsky  : 	at binl.run(PG:5)
12-02 13:55:53.919 32643 15768 E Finsky  : 	... 4 more
12-02 13:55:53.919 32643 15768 E Finsky  : Caused by: android.security.KeyStoreException: -10003 (internal Keystore code: -10003 message: system/security/keystore2/src/security_level.rs:645
12-02 13:55:53.919 32643 15768 E Finsky  : 
12-02 13:55:53.919 32643 15768 E Finsky  : Caused by:
12-02 13:55:53.919 32643 15768 E Finsky  :     0: system/security/keystore2/src/security_level.rs:639: While generating without a provided attestation key and params: [KeyParameter { tag: r#KEY_SIZE, value: Integer(256) }, KeyParameter { tag: r#ALGORITHM, value: Algorithm(r#EC) }, KeyParameter { tag: r#EC_CURVE, value: EcCurve(r#P_256) }, KeyParameter { tag: r#PURPOSE, value: KeyPurpose(r#SIGN) }, KeyParameter { tag: r#DIGEST, value: Digest(r#SHA_2_512) }, KeyParameter { tag: r#NO_AUTH_REQUIRED, value: BoolValue(true) }, KeyParameter { tag: r#CERTIFICATE_NOT_AFTER, value: DateTime(2461449600000) }, KeyParameter { tag: r#CERTIFICATE_NOT_BEFORE, value: DateTime(0) }, KeyParameter { tag: r#CERTIFICATE_SERIAL, value: Blob([1]) }, KeyParameter { tag: r#CERTIFICATE_SUBJECT, value: Blob([48, 31, 49, 29, 48, 27, 6, 3, 85, 4, 3, 19, 20, 65, 110, 100, 114, 111, 105, 100, 32, 75, 101, 121, 115, 116, 111, 114, 101, 32, 75, 101, 121]) }, KeyParameter { tag: r#ATTESTATION_CHALLENGE, value: Blob([199, 51, 57, 112, 94, 238, 78, 247, 26, 6, 92, 93, 17, 32, 90, 247, 206, 253, 50, 63, 247, 168, 222, 175, 75, 34, 74, 122, 98, 222, 226, 161]) }, KeyParameter { tag: r#ATTESTATION_APPLICATION_ID, value: Blob([48, 67, 49, 29, 48, 27, 4, 19, 99, 111, 109, 46, 97, 110, 100, 114, 111, 105, 100, 46, 118, 101, 110, 100, 105, 110, 103, 2, 4, 5, 15, 93, 102, 49, 34, 4, 32, 240, 253, 108, 91, 65, 15, 37, 203, 37, 195, 181, 51, 70, 200, 151, 47, 174, 48, 248, 238, 116, 17, 223, 145, 4, 128, 173, 107, 45, 96, 219, 131]) }].
12-02 13:55:53.919 32643 15768 E Finsky  :     1: Error::Km(-10003)) (public error code: 10 internal Keystore code: -10003)
12-02 13:55:53.919 32643 15768 E Finsky  : 	at android.security.KeyStore2.getKeyStoreException(KeyStore2.java:416)
12-02 13:55:53.919 32643 15768 E Finsky  : 	at android.security.KeyStoreSecurityLevel.handleExceptions(KeyStoreSecurityLevel.java:58)
12-02 13:55:53.919 32643 15768 E Finsky  : 	at android.security.KeyStoreSecurityLevel.generateKey(KeyStoreSecurityLevel.java:149)
12-02 13:55:53.919 32643 15768 E Finsky  : 	at android.security.keystore2.AndroidKeyStoreKeyPairGeneratorSpi.generateKeyPair(AndroidKeyStoreKeyPairGeneratorSpi.java:698)
12-02 13:55:53.919 32643 15768 E Finsky  : 	... 10 more
12-02 13:55:54.201 32643 32682 E SQLiteLog: (1032) statement aborts at 20: [INSERT OR REPLACE INTO streamdata(id,account_name,data,space_occupied,expiration_time,soft_expiration_time) VALUES (?,?,?,?,?,?)] attempt to write a readonly database
12-02 13:55:52.875     0     0 E         : [OPLUS_CHG][oplus_chg_variables_reset]charger detect is 0
12-02 13:55:54.370  1580  2549 E HandwritingModeController: Cannot get requestId: Handwriting was not initialized.
12-02 13:55:54.471  1580  3021 E TransitionChain: Can't collect into a chain with no transition
12-02 13:55:53.430     0     0 E qpnp_vibrator_play_on: voltage set to 3000000 uV
12-02 13:55:53.430     0     0 E qpnp_vib_ldo_enable: [qpnp_vib_ldo_enable] vib_type[(efault)] enable[1]
12-02 13:55:53.430     0     0 E oplus_vibrator_on: switch vibrator 1 to on
12-02 13:55:53.430     0     0 E qpnp_vib_ldo_poll_status: qpnp_vib_ldo_poll_status VIB_TYPE_GPIO is do nothing
12-02 13:55:53.465     0     0 E qpnp_vib_ldo_enable: [qpnp_vib_ldo_enable] vib_type[(efault)] enable[0]
12-02 13:55:53.465     0     0 E oplus_vibrator_off: switch vibrator 0 to off
12-02 13:55:54.841 16208 16229 E bt_btu_hcif: system/stack/btu/btu_hcif.cc:988 btu_hcif_hdl_command_complete: Command complete for opcode:0x811 should not be handled here
12-02 13:55:54.842 16208 16229 E bt_btu_hcif: system/stack/btu/btu_hcif.cc:988 btu_hcif_hdl_command_complete: Command complete for opcode:0x80d should not be handled here
12-02 13:55:54.944 16208 16229 E bt_btu_hcif: system/stack/btu/btu_hcif.cc:988 btu_hcif_hdl_command_complete: Command complete for opcode:0x811 should not be handled here
12-02 13:55:54.944 16208 16229 E bt_btu_hcif: system/stack/btu/btu_hcif.cc:988 btu_hcif_hdl_command_complete: Command complete for opcode:0x80d should not be handled here
12-02 13:55:55.567  1580  2617 E ShortcutService: Ignoring excessive intent tag.
12-02 13:55:55.577  2843  2843 E SmsApplication: com.google.android.apps.messaging lost android:read_cell_broadcasts:  (fixing)
12-02 13:55:54.882     0     0 E qpnp_vibrator_play_on: voltage set to 3000000 uV
12-02 13:55:54.882     0     0 E qpnp_vib_ldo_enable: [qpnp_vib_ldo_enable] vib_type[(efault)] enable[1]
12-02 13:55:54.882     0     0 E oplus_vibrator_on: switch vibrator 1 to on
12-02 13:55:54.882     0     0 E qpnp_vib_ldo_poll_status: qpnp_vib_ldo_poll_status VIB_TYPE_GPIO is do nothing
12-02 13:55:54.917     0     0 E qpnp_vib_ldo_enable: [qpnp_vib_ldo_enable] vib_type[(efault)] enable[0]
12-02 13:55:54.918     0     0 E oplus_vibrator_off: switch vibrator 0 to off
12-02 13:55:55.126     0     0 E qpnp_vibrator_play_on: voltage set to 3000000 uV
12-02 13:55:55.126     0     0 E qpnp_vib_ldo_enable: [qpnp_vib_ldo_enable] vib_type[(efault)] enable[1]
12-02 13:55:55.126     0     0 E oplus_vibrator_on: switch vibrator 1 to on
12-02 13:55:55.126     0     0 E qpnp_vib_ldo_poll_status: qpnp_vib_ldo_poll_status VIB_TYPE_GPIO is do nothing
12-02 13:55:55.161     0     0 E qpnp_vib_ldo_enable: [qpnp_vib_ldo_enable] vib_type[(efault)] enable[0]
12-02 13:55:55.161     0     0 E oplus_vibrator_off: switch vibrator 0 to off
12-02 13:55:55.346     0     0 E qpnp_vibrator_play_on: voltage set to 3000000 uV
12-02 13:55:55.346     0     0 E qpnp_vib_ldo_enable: [qpnp_vib_ldo_enable] vib_type[(efault)] enable[1]
12-02 13:55:55.346     0     0 E oplus_vibrator_on: switch vibrator 1 to on
12-02 13:55:55.346     0     0 E qpnp_vib_ldo_poll_status: qpnp_vib_ldo_poll_status VIB_TYPE_GPIO is do nothing
12-02 13:55:55.381     0     0 E qpnp_vib_ldo_enable: [qpnp_vib_ldo_enable] vib_type[(efault)] enable[0]
12-02 13:55:55.382     0     0 E oplus_vibrator_off: switch vibrator 0 to off
12-02 13:55:56.834 15798 15798 E eddit.frontpage: Not starting debugger since process cannot load the jdwp agent.
12-02 13:55:56.840  2675  2709 E TaskViewTransitions: Found a launching TaskView in the wrong transition. All TaskView launches should be initiated by shell and in their own transition: 9496
12-02 13:55:57.524 15798 15833 E eddit.frontpage: Invalid resource ID 0x00000000.
12-02 13:55:57.879 15798 15839 E cutils-trace: Error opening trace file: No such file or directory (2)
12-02 13:55:57.781     0     0 E         : [OPLUS_CHG][oplus_chg_variables_reset]charger detect is 0
12-02 13:56:00.590  1580  2617 E ShortcutService: Ignoring excessive intent tag.
12-02 13:56:00.600  2843  2843 E SmsApplication: com.google.android.apps.messaging lost android:read_cell_broadcasts:  (fixing)
12-02 13:56:01.979 16208 16229 E bluetooth: system/bta/dm/bta_dm_pm.cc:1073 bta_dm_pm_btm_status: hci_status=36
12-02 13:56:03.104 16010 16038 E GeckoLibLoad: Load sqlite start
12-02 13:56:03.106 16010 16038 E GeckoLibLoad: Load sqlite done
12-02 13:56:03.107 16010 16038 E GeckoLibLoad: Load nss start
12-02 13:56:03.107 16010 16038 E GeckoLibLoad: Load nss done
12-02 13:56:03.114 16010 16038 E GeckoLibLoad: Loaded libs in 6.100053ms total, 0ms(6ms) user, 3ms(5ms) system, 2(3) faults
12-02 13:56:03.553 16010 16068 E GeckoSession: String does not represent valid session state.
12-02 13:56:03.634 16010 16068 E GeckoSession: String does not represent valid session state.
12-02 13:56:03.694 16010 16068 E GeckoSession: String does not represent valid session state.
12-02 13:56:03.765 16010 16068 E GeckoSession: String does not represent valid session state.
12-02 13:56:03.766 16010 16068 E GeckoSession: String does not represent valid session state.
12-02 13:56:03.766 16010 16068 E GeckoSession: String does not represent valid session state.
12-02 13:56:03.775 16010 16068 E GeckoSession: String does not represent valid session state.
12-02 13:56:03.811 16010 16068 E GeckoSession: String does not represent valid session state.
12-02 13:56:03.812 16010 16068 E GeckoSession: String does not represent valid session state.
12-02 13:56:03.844 16010 16068 E GeckoSession: String does not represent valid session state.
12-02 13:56:03.879 16010 16068 E GeckoSession: String does not represent valid session state.
12-02 13:56:03.880 16010 16068 E GeckoSession: String does not represent valid session state.
12-02 13:56:03.928 16010 16068 E GeckoSession: String does not represent valid session state.
12-02 13:56:03.929 16010 16068 E GeckoSession: String does not represent valid session state.
12-02 13:56:04.011 16010 16068 E GeckoSession: String does not represent valid session state.
12-02 13:56:04.016 16010 16068 E GeckoSession: String does not represent valid session state.
12-02 13:56:04.094 16010 16068 E GeckoSession: String does not represent valid session state.
12-02 13:56:04.094 16010 16068 E GeckoSession: String does not represent valid session state.
12-02 13:56:04.095 16010 16068 E GeckoSession: String does not represent valid session state.
12-02 13:56:04.125 16010 16068 E GeckoSession: String does not represent valid session state.
12-02 13:56:04.156 16010 16068 E GeckoSession: String does not represent valid session state.
12-02 13:56:04.162 16010 16068 E GeckoSession: String does not represent valid session state.
12-02 13:56:04.174 16010 16068 E GeckoSession: String does not represent valid session state.
12-02 13:56:04.188 16010 16068 E GeckoSession: String does not represent valid session state.
12-02 13:56:02.901     0     0 E         : [OPLUS_CHG][oplus_chg_variables_reset]charger detect is 0
12-02 13:56:02.932     0     0 E         : [OPLUS_CHG][sy6974b_dump_registers][0x6b, 0x08, 0x8c, 0x83], [0x90, 0x07, 0xe5, 0x48], [0x00, 0x98, 0x03, 0x40]
12-02 13:56:04.360 16010 16068 E GeckoSession: String does not represent valid session state.
12-02 13:56:04.390 16010 16068 E GeckoSession: String does not represent valid session state.
12-02 13:56:04.390 16010 16068 E GeckoSession: String does not represent valid session state.
12-02 13:56:04.392 16010 16068 E GeckoSession: String does not represent valid session state.
12-02 13:56:04.398 16010 16068 E GeckoSession: String does not represent valid session state.
12-02 13:56:04.424 16010 16068 E GeckoSession: String does not represent valid session state.
12-02 13:56:04.441 16010 16068 E GeckoSession: String does not represent valid session state.
12-02 13:56:04.498 16010 16068 E GeckoSession: String does not represent valid session state.
12-02 13:56:04.504 16010 16068 E GeckoSession: String does not represent valid session state.
12-02 13:56:04.505 16010 16068 E GeckoSession: String does not represent valid session state.
12-02 13:56:04.506 16010 16068 E GeckoSession: String does not represent valid session state.
12-02 13:56:04.506 16010 16068 E GeckoSession: String does not represent valid session state.
12-02 13:56:04.514 16010 16068 E GeckoSession: String does not represent valid session state.
12-02 13:56:04.518 16010 16068 E GeckoSession: String does not represent valid session state.
12-02 13:56:05.432 16010 16066 E App     : reason=Java error: "fetch error: org.mozilla.geckoview.WebRequestError: Request failed, error=0x25, category=0x5"
12-02 13:56:07.808     0     0 E         : [OPLUS_CHG][oplus_chg_variables_reset]charger detect is 0
12-02 13:56:07.843     0     0 E         : get prop 16 is not supported in batt
12-02 13:56:17.836     0     0 E         : [OPLUS_CHG][oplus_chg_variables_reset]charger detect is 0
12-02 13:56:27.863     0     0 E         : [OPLUS_CHG][oplus_chg_variables_reset]charger detect is 0
12-02 13:56:37.888     0     0 E         : [OPLUS_CHG][oplus_chg_variables_reset]charger detect is 0
12-02 13:56:42.956     0     0 E qpnp_vibrator_play_on: voltage set to 3000000 uV
12-02 13:56:42.956     0     0 E qpnp_vib_ldo_enable: [qpnp_vib_ldo_enable] vib_type[(efault)] enable[1]
12-02 13:56:42.956     0     0 E oplus_vibrator_on: switch vibrator 1 to on
12-02 13:56:42.956     0     0 E qpnp_vib_ldo_poll_status: qpnp_vib_ldo_poll_status VIB_TYPE_GPIO is do nothing
12-02 13:56:44.352  1580  2549 E HandwritingModeController: Cannot get requestId: Handwriting was not initialized.
12-02 13:56:42.991     0     0 E qpnp_vib_ldo_enable: [qpnp_vib_ldo_enable] vib_type[(efault)] enable[0]
12-02 13:56:42.991     0     0 E oplus_vibrator_off: switch vibrator 0 to off
12-02 13:56:45.969  1580 17119 E TransitionChain: Can't collect into a chain with no transition
12-02 13:56:47.074  1580  2495 E MediaSessionRecord: Remote failure in sendCommand.
12-02 13:56:47.074  1580  2495 E MediaSessionRecord: android.os.DeadObjectException
12-02 13:56:47.074  1580  2495 E MediaSessionRecord: 	at android.os.BinderProxy.transactNative(Native Method)
12-02 13:56:47.074  1580  2495 E MediaSessionRecord: 	at android.os.BinderProxy.transact(BinderProxy.java:586)
12-02 13:56:47.074  1580  2495 E MediaSessionRecord: 	at android.media.session.ISessionCallback$Stub$Proxy.onCommand(ISessionCallback.java:618)
12-02 13:56:47.074  1580  2495 E MediaSessionRecord: 	at com.android.server.media.MediaSessionRecord$SessionCb.sendCommand(MediaSessionRecord.java:1516)
12-02 13:56:47.074  1580  2495 E MediaSessionRecord: 	at com.android.server.media.MediaSessionRecord$ControllerStub.sendCommand(MediaSessionRecord.java:1775)
12-02 13:56:47.074  1580  2495 E MediaSessionRecord: 	at android.media.session.ISessionController$Stub.onTransact(ISessionController.java:360)
12-02 13:56:47.074  1580  2495 E MediaSessionRecord: 	at android.os.Binder.execTransactInternal(Binder.java:1396)
12-02 13:56:47.074  1580  2495 E MediaSessionRecord: 	at android.os.Binder.execTransact(Binder.java:1335)
12-02 13:56:47.538  2940  9801 E AssistContentRequester: Received AssistData, but no AssistContent found
12-02 13:56:48.420  2940  2950 E AssistContentRequester: Received AssistData, but no AssistContent found
12-02 13:56:48.816  1580  2496 E ActivityTaskManager: Could not find activity for task 9463
12-02 13:56:49.042  5515  5515 E ImeBackDispatcher: Ime callback not found. Ignoring unregisterReceivedCallback. callbackId: 63337667
12-02 13:56:47.915     0     0 E         : [OPLUS_CHG][oplus_chg_variables_reset]charger detect is 0
12-02 13:56:47.950     0     0 E         : get prop 16 is not supported in batt
12-02 13:56:48.287     0     0 E qpnp_vibrator_play_on: voltage set to 3000000 uV
12-02 13:56:48.287     0     0 E qpnp_vib_ldo_enable: [qpnp_vib_ldo_enable] vib_type[(efault)] enable[1]
12-02 13:56:48.287     0     0 E oplus_vibrator_on: switch vibrator 1 to on
12-02 13:56:48.287     0     0 E qpnp_vib_ldo_poll_status: qpnp_vib_ldo_poll_status VIB_TYPE_GPIO is do nothing
12-02 13:56:48.323     0     0 E qpnp_vib_ldo_enable: [qpnp_vib_ldo_enable] vib_type[(efault)] enable[0]
12-02 13:56:48.323     0     0 E oplus_vibrator_off: switch vibrator 0 to off
12-02 13:56:50.487 16239 16239 E android.youtube: Not starting debugger since process cannot load the jdwp agent.
12-02 13:56:50.557 16239 16239 E android.youtube: 
12-02 13:56:50.561 16239 16239 E android.youtube: 
12-02 13:56:49.347     0     0 E qpnp_vibrator_play_on: voltage set to 3000000 uV
12-02 13:56:49.347     0     0 E qpnp_vib_ldo_enable: [qpnp_vib_ldo_enable] vib_type[(efault)] enable[1]
12-02 13:56:49.347     0     0 E oplus_vibrator_on: switch vibrator 1 to on
12-02 13:56:49.347     0     0 E qpnp_vib_ldo_poll_status: qpnp_vib_ldo_poll_status VIB_TYPE_GPIO is do nothing
12-02 13:56:49.382     0     0 E qpnp_vib_ldo_enable: [qpnp_vib_ldo_enable] vib_type[(efault)] enable[0]
12-02 13:56:49.382     0     0 E oplus_vibrator_off: switch vibrator 0 to off
12-02 13:56:49.620     0     0 E qpnp_vibrator_play_on: voltage set to 3000000 uV
12-02 13:56:49.620     0     0 E qpnp_vib_ldo_enable: [qpnp_vib_ldo_enable] vib_type[(efault)] enable[1]
12-02 13:56:49.620     0     0 E oplus_vibrator_on: switch vibrator 1 to on
12-02 13:56:49.621     0     0 E qpnp_vib_ldo_poll_status: qpnp_vib_ldo_poll_status VIB_TYPE_GPIO is do nothing
12-02 13:56:49.656     0     0 E qpnp_vib_ldo_enable: [qpnp_vib_ldo_enable] vib_type[(efault)] enable[0]
12-02 13:56:49.656     0     0 E oplus_vibrator_off: switch vibrator 0 to off
12-02 13:56:50.630     0     0 E qpnp_vibrator_play_on: voltage set to 3000000 uV
12-02 13:56:50.630     0     0 E qpnp_vib_ldo_enable: [qpnp_vib_ldo_enable] vib_type[(efault)] enable[1]
12-02 13:56:50.630     0     0 E oplus_vibrator_on: switch vibrator 1 to on
12-02 13:56:50.630     0     0 E qpnp_vib_ldo_poll_status: qpnp_vib_ldo_poll_status VIB_TYPE_GPIO is do nothing
12-02 13:56:50.665     0     0 E qpnp_vib_ldo_enable: [qpnp_vib_ldo_enable] vib_type[(efault)] enable[0]
12-02 13:56:50.665     0     0 E oplus_vibrator_off: switch vibrator 0 to off
12-02 13:56:51.053     0     0 E qpnp_vibrator_play_on: voltage set to 3000000 uV
12-02 13:56:51.053     0     0 E qpnp_vib_ldo_enable: [qpnp_vib_ldo_enable] vib_type[(efault)] enable[1]
12-02 13:56:51.053     0     0 E oplus_vibrator_on: switch vibrator 1 to on
12-02 13:56:51.053     0     0 E qpnp_vib_ldo_poll_status: qpnp_vib_ldo_poll_status VIB_TYPE_GPIO is do nothing
12-02 13:56:51.088     0     0 E qpnp_vib_ldo_enable: [qpnp_vib_ldo_enable] vib_type[(efault)] enable[0]
12-02 13:56:51.088     0     0 E oplus_vibrator_off: switch vibrator 0 to off
12-02 13:56:51.211     0     0 E qpnp_vibrator_play_on: voltage set to 3000000 uV
12-02 13:56:51.211     0     0 E qpnp_vib_ldo_enable: [qpnp_vib_ldo_enable] vib_type[(efault)] enable[1]
12-02 13:56:51.211     0     0 E oplus_vibrator_on: switch vibrator 1 to on
12-02 13:56:51.211     0     0 E qpnp_vib_ldo_poll_status: qpnp_vib_ldo_poll_status VIB_TYPE_GPIO is do nothing
12-02 13:56:51.246     0     0 E qpnp_vib_ldo_enable: [qpnp_vib_ldo_enable] vib_type[(efault)] enable[0]
12-02 13:56:51.246     0     0 E oplus_vibrator_off: switch vibrator 0 to off
12-02 13:56:51.420     0     0 E qpnp_vibrator_play_on: voltage set to 3000000 uV
12-02 13:56:51.420     0     0 E qpnp_vib_ldo_enable: [qpnp_vib_ldo_enable] vib_type[(efault)] enable[1]
12-02 13:56:51.420     0     0 E oplus_vibrator_on: switch vibrator 1 to on
12-02 13:56:51.420     0     0 E qpnp_vib_ldo_poll_status: qpnp_vib_ldo_poll_status VIB_TYPE_GPIO is do nothing
12-02 13:56:51.456     0     0 E qpnp_vib_ldo_enable: [qpnp_vib_ldo_enable] vib_type[(efault)] enable[0]
12-02 13:56:51.456     0     0 E oplus_vibrator_off: switch vibrator 0 to off
12-02 13:56:54.201  2675  2709 E TaskViewTransitions: Found a launching TaskView in the wrong transition. All TaskView launches should be initiated by shell and in their own transition: 9497
12-02 13:56:55.927 16351 16367 E cutils-trace: Error opening trace file: No such file or directory (2)
12-02 13:56:55.997 16390 16390 E id.gms.unstable: Not starting debugger since process cannot load the jdwp agent.
12-02 13:56:56.018 16239 16381 E android.youtube: No package ID 6a found for resource ID 0x6a0b0013.
12-02 13:56:57.972 16351 16351 D HostService: Detected local IPs: [192.168.101.7]
12-02 13:56:57.972 16351 16351 D HostService: Starting host session: 8ed01402-a161-4f23-b131-b705da3810b9 for CPH2381 with sampleRate=44100, encoding=AAC
12-02 13:56:58.138  1594 19847 E Codec2-ComponentInterface: We have a failed config
12-02 13:56:58.142 16351 16465 D AudioEncoder: Starting encoding loop
12-02 13:56:58.146 16351 16465 D AudioEncoder: Emitted encoded packet: 2 bytes, emitted=true
12-02 13:56:58.201 16351 16351 D HostService: Starting HTTP API server on port 8080
12-02 13:56:58.262 16351 16465 D AudioEncoder: Encoding loop iteration 100
12-02 13:56:56.898     0     0 E send_afe_cal_type: No cal sent for cal_index 1, port_id = 0xb037! ret -22
12-02 13:56:56.935     0     0 E q6asm_find_cal_by_buf_number: Can't find ASM Cal for cal_index 2 app_type 69936 buffer_number 1
12-02 13:56:58.369 16351 16351 E 69.speakershare: No implementation found for int io.netty.channel.kqueue.Native.sizeofKEvent() (tried Java_io_netty_channel_kqueue_Native_sizeofKEvent and Java_io_netty_channel_kqueue_Native_sizeofKEvent__) - is the library loaded, e.g. System.loadLibrary?
12-02 13:56:58.369 16351 16465 D AudioEncoder: Encoding loop iteration 200
12-02 13:56:58.372 16351 16351 E 69.speakershare: No implementation found for int io.netty.channel.epoll.Native.offsetofEpollData() (tried Java_io_netty_channel_epoll_Native_offsetofEpollData and Java_io_netty_channel_epoll_Native_offsetofEpollData__) - is the library loaded, e.g. System.loadLibrary?
12-02 13:56:58.489 16351 16351 D HostService: Starting discovery broadcast for session 8ed01402-a161-4f23-b131-b705da3810b9
12-02 13:56:58.491 16351 16351 D HostService: Host session started successfully with sampleRate=44100
12-02 13:56:58.498 16351 16465 D AudioEncoder: Encoding loop iteration 300
12-02 13:56:58.578 16351 16460 D AudioEncoder: Queued PCM data: 14336 bytes, queue size: 1
12-02 13:56:58.584 16351 16465 D AudioEncoder: Queued 14336 bytes to encoder input buffer
12-02 13:56:58.598 16351 16465 D AudioEncoder: Emitted encoded packet: 371 bytes, emitted=true
12-02 13:56:58.599 16351 16465 D AudioEncoder: Emitted encoded packet: 372 bytes, emitted=true
12-02 13:56:58.602 16351 16465 D AudioEncoder: Emitted encoded packet: 371 bytes, emitted=true
12-02 13:56:58.603 16351 16465 D AudioEncoder: Emitted encoded packet: 372 bytes, emitted=true
12-02 13:56:58.604 16351 16465 D AudioEncoder: Emitted encoded packet: 477 bytes, emitted=true
12-02 13:56:58.605 16351 16465 D AudioEncoder: Emitted encoded packet: 380 bytes, emitted=true
12-02 13:56:58.605 16351 16465 D AudioEncoder: Emitted encoded packet: 369 bytes, emitted=true
12-02 13:56:58.607 16351 16465 D AudioEncoder: Encoding loop iteration 400
12-02 13:56:58.673 16351 16465 D AudioEncoder: Encoding loop iteration 500
12-02 13:56:58.724 16351 16465 D AudioEncoder: Encoding loop iteration 600
12-02 13:56:58.738 16351 16460 D AudioEncoder: Queued PCM data: 14336 bytes, queue size: 1
12-02 13:56:58.739 16351 16465 D AudioEncoder: Queued 14336 bytes to encoder input buffer
12-02 13:56:58.753 16351 16465 D AudioEncoder: Emitted encoded packet: 365 bytes, emitted=true
12-02 13:56:58.754 16351 16465 D AudioEncoder: Emitted encoded packet: 370 bytes, emitted=true
12-02 13:56:58.754 16351 16465 D AudioEncoder: Emitted encoded packet: 377 bytes, emitted=true
12-02 13:56:58.755 16351 16465 D AudioEncoder: Emitted encoded packet: 367 bytes, emitted=true
12-02 13:56:58.756 16351 16465 D AudioEncoder: Emitted encoded packet: 367 bytes, emitted=true
12-02 13:56:58.756 16351 16465 D AudioEncoder: Emitted encoded packet: 378 bytes, emitted=true
12-02 13:56:58.757 16351 16465 D AudioEncoder: Emitted encoded packet: 367 bytes, emitted=true
12-02 13:56:58.801 16351 16465 D AudioEncoder: Encoding loop iteration 700
12-02 13:56:58.862 16351 16465 D AudioEncoder: Encoding loop iteration 800
12-02 13:56:58.899 16351 16473 D AudioEncoder: Queued PCM data: 14336 bytes, queue size: 1
12-02 13:56:58.900 16351 16465 D AudioEncoder: Queued 14336 bytes to encoder input buffer
12-02 13:56:58.913 16351 16465 D AudioEncoder: Emitted encoded packet: 383 bytes, emitted=true
12-02 13:56:58.913 16351 16465 D AudioEncoder: Emitted encoded packet: 362 bytes, emitted=true
12-02 13:56:58.914 16351 16465 D AudioEncoder: Emitted encoded packet: 374 bytes, emitted=true
12-02 13:56:58.914 16351 16465 D AudioEncoder: Emitted encoded packet: 380 bytes, emitted=true
12-02 13:56:58.915 16351 16465 D AudioEncoder: Emitted encoded packet: 374 bytes, emitted=true
12-02 13:56:58.915 16351 16465 D AudioEncoder: Emitted encoded packet: 364 bytes, emitted=true
12-02 13:56:58.916 16351 16465 D AudioEncoder: Emitted encoded packet: 355 bytes, emitted=true
12-02 13:56:58.941 16351 16465 D AudioEncoder: Encoding loop iteration 900
12-02 13:56:59.002 16351 16465 D AudioEncoder: Encoding loop iteration 1000
12-02 13:56:59.069 16351 16465 D AudioEncoder: Encoding loop iteration 1100
12-02 13:56:59.073 16351 16473 D AudioEncoder: Queued PCM data: 14336 bytes, queue size: 1
12-02 13:56:59.077 16351 16465 D AudioEncoder: Queued 14336 bytes to encoder input buffer
12-02 13:56:59.094 16351 16465 D AudioEncoder: Emitted encoded packet: 374 bytes, emitted=true
12-02 13:56:57.729     0     0 E         : [OPLUS_CHG][oplus_chg_variables_reset]charger detect is 0
12-02 13:56:59.101 16351 16465 D AudioEncoder: Emitted encoded packet: 361 bytes, emitted=true
12-02 13:56:59.107 16351 16465 D AudioEncoder: Emitted encoded packet: 390 bytes, emitted=true
12-02 13:56:59.108 16351 16465 D AudioEncoder: Emitted encoded packet: 361 bytes, emitted=true
12-02 13:56:59.110 16351 16465 D AudioEncoder: Emitted encoded packet: 359 bytes, emitted=true
12-02 13:56:59.111 16351 16465 D AudioEncoder: Emitted encoded packet: 372 bytes, emitted=true
12-02 13:56:59.112 16351 16465 D AudioEncoder: Emitted encoded packet: 368 bytes, emitted=true
12-02 13:56:59.228 16351 16460 D AudioEncoder: Queued PCM data: 14336 bytes, queue size: 1
12-02 13:56:59.231 16351 16465 D AudioEncoder: Queued 14336 bytes to encoder input buffer
12-02 13:56:59.237 16351 16465 D AudioEncoder: Emitted encoded packet: 368 bytes, emitted=true
12-02 13:56:59.240 16351 16465 D AudioEncoder: Emitted encoded packet: 377 bytes, emitted=true
12-02 13:56:59.241 16351 16465 D AudioEncoder: Emitted encoded packet: 365 bytes, emitted=true
12-02 13:56:59.243 16351 16465 D AudioEncoder: Emitted encoded packet: 366 bytes, emitted=true
12-02 13:56:59.245 16351 16465 D AudioEncoder: Emitted encoded packet: 362 bytes, emitted=true
12-02 13:56:59.246 16351 16465 D AudioEncoder: Emitted encoded packet: 378 bytes, emitted=true
12-02 13:56:59.248 16351 16465 D AudioEncoder: Emitted encoded packet: 379 bytes, emitted=true
12-02 13:56:59.255 16351 16465 D AudioEncoder: Encoding loop iteration 1200
12-02 13:56:59.349 16351 16465 D AudioEncoder: Encoding loop iteration 1300
12-02 13:56:59.390 16351 16460 D AudioEncoder: Queued PCM data: 14336 bytes, queue size: 1
12-02 13:56:59.395 16351 16465 D AudioEncoder: Queued 14336 bytes to encoder input buffer
12-02 13:56:59.407 16351 16465 D AudioEncoder: Emitted encoded packet: 384 bytes, emitted=true
12-02 13:56:59.408 16351 16465 D AudioEncoder: Emitted encoded packet: 363 bytes, emitted=true
12-02 13:56:59.409 16351 16465 D AudioEncoder: Emitted encoded packet: 363 bytes, emitted=true
12-02 13:56:59.411 16351 16465 D AudioEncoder: Emitted encoded packet: 386 bytes, emitted=true
12-02 13:56:59.412 16351 16465 D AudioEncoder: Emitted encoded packet: 364 bytes, emitted=true
12-02 13:56:59.414 16351 16465 D AudioEncoder: Emitted encoded packet: 375 bytes, emitted=true
12-02 13:56:59.415 16351 16465 D AudioEncoder: Emitted encoded packet: 368 bytes, emitted=true
12-02 13:56:59.470 16351 16465 D AudioEncoder: Encoding loop iteration 1400
12-02 13:56:59.560 16351 16460 D AudioEncoder: Queued PCM data: 14336 bytes, queue size: 1
12-02 13:56:59.564 16351 16465 D AudioEncoder: Queued 14336 bytes to encoder input buffer
12-02 13:56:59.573 16351 16465 D AudioEncoder: Emitted encoded packet: 382 bytes, emitted=true
12-02 13:56:59.575 16351 16465 D AudioEncoder: Emitted encoded packet: 372 bytes, emitted=true
12-02 13:56:59.576 16351 16465 D AudioEncoder: Emitted encoded packet: 368 bytes, emitted=true
12-02 13:56:59.579 16351 16465 D AudioEncoder: Emitted encoded packet: 374 bytes, emitted=true
12-02 13:56:59.580 16351 16465 D AudioEncoder: Emitted encoded packet: 486 bytes, emitted=true
12-02 13:56:59.581 16351 16465 D AudioEncoder: Emitted encoded packet: 377 bytes, emitted=true
12-02 13:56:59.582 16351 16465 D AudioEncoder: Emitted encoded packet: 345 bytes, emitted=true
12-02 13:56:59.619 16351 16465 D AudioEncoder: Encoding loop iteration 1500
12-02 13:56:59.721 16351 16460 D AudioEncoder: Queued PCM data: 14336 bytes, queue size: 1
12-02 13:56:59.723 16351 16465 D AudioEncoder: Queued 14336 bytes to encoder input buffer
12-02 13:56:59.729 16351 16465 D AudioEncoder: Emitted encoded packet: 309 bytes, emitted=true
12-02 13:56:59.736 16351 16465 D AudioEncoder: Emitted encoded packet: 356 bytes, emitted=true
12-02 13:56:59.739 16351 16465 D AudioEncoder: Emitted encoded packet: 354 bytes, emitted=true
12-02 13:56:59.744 16351 16465 D AudioEncoder: Emitted encoded packet: 372 bytes, emitted=true
12-02 13:56:59.746 16351 16465 D AudioEncoder: Emitted encoded packet: 565 bytes, emitted=true
12-02 13:56:59.749 16351 16465 D AudioEncoder: Emitted encoded packet: 293 bytes, emitted=true
12-02 13:56:59.752 16351 16465 D AudioEncoder: Emitted encoded packet: 308 bytes, emitted=true
12-02 13:56:59.769 16351 16465 D AudioEncoder: Encoding loop iteration 1600
12-02 13:56:59.881 16351 16460 D AudioEncoder: Queued PCM data: 14336 bytes, queue size: 1
12-02 13:56:59.884 16351 16465 D AudioEncoder: Queued 14336 bytes to encoder input buffer
12-02 13:56:59.904 16351 16465 D AudioEncoder: Emitted encoded packet: 339 bytes, emitted=true
12-02 13:56:59.911 16351 16465 D AudioEncoder: Emitted encoded packet: 346 bytes, emitted=true
12-02 13:56:59.915 16351 16465 D AudioEncoder: Emitted encoded packet: 450 bytes, emitted=true
12-02 13:56:59.917 16351 16465 D AudioEncoder: Emitted encoded packet: 389 bytes, emitted=true
12-02 13:56:59.918 16351 16465 D AudioEncoder: Emitted encoded packet: 401 bytes, emitted=true
12-02 13:56:59.920 16351 16465 D AudioEncoder: Emitted encoded packet: 372 bytes, emitted=true
12-02 13:56:59.922 16351 16465 D AudioEncoder: Emitted encoded packet: 361 bytes, emitted=true
12-02 13:56:59.931 16351 16465 D AudioEncoder: Encoding loop iteration 1700
12-02 13:57:00.036 16351 16465 D AudioEncoder: Encoding loop iteration 1800
12-02 13:57:00.038 16351 16460 D AudioEncoder: Queued PCM data: 14336 bytes, queue size: 1
12-02 13:57:00.039 16351 16465 D AudioEncoder: Queued 14336 bytes to encoder input buffer
12-02 13:57:00.052 16351 16465 D AudioEncoder: Emitted encoded packet: 353 bytes, emitted=true
12-02 13:57:00.053 16351 16465 D AudioEncoder: Emitted encoded packet: 354 bytes, emitted=true
12-02 13:57:00.053 16351 16465 D AudioEncoder: Emitted encoded packet: 352 bytes, emitted=true
12-02 13:57:00.054 16351 16465 D AudioEncoder: Emitted encoded packet: 324 bytes, emitted=true
12-02 13:57:00.054 16351 16465 D AudioEncoder: Emitted encoded packet: 358 bytes, emitted=true
12-02 13:57:00.055 16351 16465 D AudioEncoder: Emitted encoded packet: 360 bytes, emitted=true
12-02 13:57:00.056 16351 16465 D AudioEncoder: Emitted encoded packet: 365 bytes, emitted=true
12-02 13:57:00.114 16351 16465 D AudioEncoder: Encoding loop iteration 1900
12-02 13:57:00.211 16351 16460 D AudioEncoder: Queued PCM data: 14336 bytes, queue size: 1
12-02 13:57:00.213 16351 16465 D AudioEncoder: Queued 14336 bytes to encoder input buffer
12-02 13:57:00.213 16351 16465 D AudioEncoder: Encoding loop iteration 2000
12-02 13:57:00.230 16351 16465 D AudioEncoder: Emitted encoded packet: 372 bytes, emitted=true
12-02 13:57:00.231 16351 16465 D AudioEncoder: Emitted encoded packet: 372 bytes, emitted=true
12-02 13:57:00.231 16351 16465 D AudioEncoder: Emitted encoded packet: 376 bytes, emitted=true
12-02 13:57:00.232 16351 16465 D AudioEncoder: Emitted encoded packet: 374 bytes, emitted=true
12-02 13:57:00.236 16351 16465 D AudioEncoder: Emitted encoded packet: 361 bytes, emitted=true
12-02 13:57:00.238 16351 16465 D AudioEncoder: Emitted encoded packet: 374 bytes, emitted=true
12-02 13:57:00.239 16351 16465 D AudioEncoder: Emitted encoded packet: 374 bytes, emitted=true
12-02 13:57:00.333 16351 16465 D AudioEncoder: Encoding loop iteration 2100
12-02 13:57:00.372 16351 16460 D AudioEncoder: Queued PCM data: 14336 bytes, queue size: 1
12-02 13:57:00.377 16351 16465 D AudioEncoder: Queued 14336 bytes to encoder input buffer
12-02 13:57:00.390 16351 16465 D AudioEncoder: Emitted encoded packet: 372 bytes, emitted=true
12-02 13:57:00.394 16351 16465 D AudioEncoder: Emitted encoded packet: 372 bytes, emitted=true
12-02 13:57:00.397 16351 16465 D AudioEncoder: Emitted encoded packet: 367 bytes, emitted=true
12-02 13:57:00.400 16351 16465 D AudioEncoder: Emitted encoded packet: 375 bytes, emitted=true
12-02 13:57:00.402 16351 16465 D AudioEncoder: Emitted encoded packet: 371 bytes, emitted=true
12-02 13:57:00.403 16351 16465 D AudioEncoder: Emitted encoded packet: 378 bytes, emitted=true
12-02 13:57:00.404 16351 16465 D AudioEncoder: Emitted encoded packet: 364 bytes, emitted=true
12-02 13:57:00.461 16351 16465 D AudioEncoder: Encoding loop iteration 2200
12-02 13:57:00.534 16351 16473 D AudioEncoder: Queued PCM data: 14336 bytes, queue size: 1
12-02 13:57:00.538 16351 16465 D AudioEncoder: Queued 14336 bytes to encoder input buffer
12-02 13:57:00.549 16351 16465 D AudioEncoder: Emitted encoded packet: 369 bytes, emitted=true
12-02 13:57:00.550 16351 16465 D AudioEncoder: Emitted encoded packet: 377 bytes, emitted=true
12-02 13:57:00.551 16351 16465 D AudioEncoder: Emitted encoded packet: 374 bytes, emitted=true
12-02 13:57:00.552 16351 16465 D AudioEncoder: Emitted encoded packet: 370 bytes, emitted=true
